Colors (foreground/background):
       |black  |blue   |green  |cyan   |red    |magenta|yellow |white  |default
black  |[38;5;0m[48;5;0m Words [39;49m|[38;5;0m[48;5;12m Words [39;49m|[38;5;0m[48;5;10m Words [39;49m|[38;5;0m[48;5;14m Words [39;49m|[38;5;0m[48;5;9m Words [39;49m|[38;5;0m[48;5;13m Words [39;49m|[38;5;0m[48;5;11m Words [39;49m|[38;5;0m[48;5;15m Words [39;49m|[38;5;0m Words [39;49m
blue   |[38;5;12m[48;5;0m Words [39;49m|[38;5;12m[48;5;12m Words [39;49m|[38;5;12m[48;5;10m Words [39;49m|[38;5;12m[48;5;14m Words [39;49m|[38;5;12m[48;5;9m Words [39;49m|[38;5;12m[48;5;13m Words [39;49m|[38;5;12m[48;5;11m Words [39;49m|[38;5;12m[48;5;15m Words [39;49m|[38;5;12m Words [39;49m
green  |[38;5;10m[48;5;0m Words [39;49m|[38;5;10m[48;5;12m Words [39;49m|[38;5;10m[48;5;10m Words [39;49m|[38;5;10m[48;5;14m Words [39;49m|[38;5;10m[48;5;9m Words [39;49m|[38;5;10m[48;5;13m Words [39;49m|[38;5;10m[48;5;11m Words [39;49m|[38;5;10m[48;5;15m Words [39;49m|[38;5;10m Words [39;49m
cyan   |[38;5;14m[48;5;0m Words [39;49m|[38;5;14m[48;5;12m Words [39;49m|[38;5;14m[48;5;10m Words [39;49m|[38;5;14m[48;5;14m Words [39;49m|[38;5;14m[48;5;9m Words [39;49m|[38;5;14m[48;5;13m Words [39;49m|[38;5;14m[48;5;11m Words [39;49m|[38;5;14m[48;5;15m Words [39;49m|[38;5;14m Words [39;49m
red    |[38;5;9m[48;5;0m Words [39;49m|[38;5;9m[48;5;12m Words [39;49m|[38;5;9m[48;5;10m Words [39;49m|[38;5;9m[48;5;14m Words [39;49m|[38;5;9m[48;5;9m Words [39;49m|[38;5;9m[48;5;13m Words [39;49m|[38;5;9m[48;5;11m Words [39;49m|[38;5;9m[48;5;15m Words [39;49m|[38;5;9m Words [39;49m
magenta|[38;5;13m[48;5;0m Words [39;49m|[38;5;13m[48;5;12m Words [39;49m|[38;5;13m[48;5;10m Words [39;49m|[38;5;13m[48;5;14m Words [39;49m|[38;5;13m[48;5;9m Words [39;49m|[38;5;13m[48;5;13m Words [39;49m|[38;5;13m[48;5;11m Words [39;49m|[38;5;13m[48;5;15m Words [39;49m|[38;5;13m Words [39;49m
yellow |[38;5;11m[48;5;0m Words [39;49m|[38;5;11m[48;5;12m Words [39;49m|[38;5;11m[48;5;10m Words [39;49m|[38;5;11m[48;5;14m Words [39;49m|[38;5;11m[48;5;9m Words [39;49m|[38;5;11m[48;5;13m Words [39;49m|[38;5;11m[48;5;11m Words [39;49m|[38;5;11m[48;5;15m Words [39;49m|[38;5;11m Words [39;49m
white  |[38;5;15m[48;5;0m Words [39;49m|[38;5;15m[48;5;12m Words [39;49m|[38;5;15m[48;5;10m Words [39;49m|[38;5;15m[48;5;14m Words [39;49m|[38;5;15m[48;5;9m Words [39;49m|[38;5;15m[48;5;13m Words [39;49m|[38;5;15m[48;5;11m Words [39;49m|[38;5;15m[48;5;15m Words [39;49m|[38;5;15m Words [39;49m
default|[48;5;0m Words [39;49m|[48;5;12m Words [39;49m|[48;5;10m Words [39;49m|[48;5;14m Words [39;49m|[48;5;9m Words [39;49m|[48;5;13m Words [39;49m|[48;5;11m Words [39;49m|[48;5;15m Words [39;49m| Words 

Colors (hue/saturation):
[48;5;9m [48;5;64m  [48;5;9m [48;5;64m [48;5;9m   [48;5;64m  [48;5;9m     [48;5;64m  [48;5;9m [48;5;69m                          [48;5;74m                [48;5;15m     [39;49m
[48;5;64m  [48;5;9m  [48;5;64m    [48;5;9m [48;5;64m  [48;5;9m   [48;5;64m [48;5;9m  [48;5;64m [48;5;69m                         [48;5;74m                 [48;5;15m     [39;49m
[48;5;64m  [48;5;9m       [48;5;64m [48;5;9m   [48;5;64m  [48;5;9m [48;5;64m [48;5;69m                          [48;5;74m                 [48;5;15m     [39;49m
[48;5;9m [48;5;64m  [48;5;9m [48;5;64m   [48;5;9m  [48;5;64m  [48;5;9m    [48;5;69m                         [48;5;74m                    [48;5;15m     [39;49m
[48;5;64m  [48;5;9m  [48;5;64m [48;5;9m [48;5;64m [48;5;9m  [48;5;64m [48;5;9m  [48;5;69m                            [48;5;74m                    [48;5;15m     [39;49m
[48;5;68m             [48;5;73m                           [48;5;74m                    [48;5;15m     [39;49m
[48;5;68m                [48;5;73m                                     [48;5;74m       [48;5;15m     [39;49m
[48;5;68m                 [48;5;73m                                       [48;5;74m    [48;5;15m     [39;49m
[48;5;68m                  [48;5;73m                                        [48;5;74m  [48;5;15m     [39;49m
[48;5;68m                  [48;5;73m                                        [48;5;78m  [48;5;15m     [39;49m
[48;5;68m                  [48;5;73m                                      [48;5;78m    [48;5;15m     [39;49m
[48;5;68m                [48;5;73m                                       [48;5;78m     [48;5;15m     [39;49m
[48;5;72m                  [48;5;73m                                 [48;5;78m         [48;5;15m     [39;49m
[48;5;72m                       [48;5;73m                    [48;5;78m                 [48;5;15m     [39;49m
[48;5;72m                      [48;5;77m                  [48;5;78m                    [48;5;15m     [39;49m
[48;5;72m                   [48;5;77m                        [48;5;78m                 [48;5;15m     [39;49m
[48;5;76m    [48;5;11m  [48;5;76m [48;5;11m   [48;5;76m   [48;5;11m   [48;5;76m  [48;5;77m                         [48;5;78m                 [48;5;15m     [39;49m
[48;5;11m [48;5;76m  [48;5;11m [48;5;76m [48;5;11m   [48;5;76m  [48;5;11m     [48;5;76m  [48;5;11m [48;5;77m                          [48;5;78m                [48;5;15m     [39;49m
[48;5;11m [48;5;76m  [48;5;11m [48;5;76m [48;5;11m   [48;5;76m  [48;5;11m     [48;5;76m  [48;5;11m [48;5;77m                          [48;5;78m                [48;5;15m     [39;49m
[48;5;76m    [48;5;11m      [48;5;76m   [48;5;11m  [48;5;76m [48;5;11m  [48;5;77m                         [48;5;78m                 [48;5;15m     [39;49m
[48;5;60m                   [48;5;77m                        [48;5;78m                 [48;5;15m     [39;49m
[48;5;60m                      [48;5;77m                  [48;5;78m                    [48;5;15m     [39;49m
[48;5;60m                       [48;5;61m                    [48;5;78m                 [48;5;15m     [39;49m
[48;5;60m                  [48;5;61m                                 [48;5;78m         [48;5;15m     [39;49m
[48;5;44m                [48;5;61m                                       [48;5;78m     [48;5;15m     [39;49m
[48;5;44m                  [48;5;61m                                      [48;5;78m    [48;5;15m     [39;49m
[48;5;44m                  [48;5;61m                                        [48;5;78m  [48;5;15m     [39;49m
[48;5;44m                  [48;5;61m                                        [48;5;62m  [48;5;15m     [39;49m
[48;5;44m                 [48;5;61m                                       [48;5;62m    [48;5;15m     [39;49m
[48;5;44m                [48;5;61m                                     [48;5;62m       [48;5;15m     [39;49m
[48;5;44m             [48;5;61m                           [48;5;62m                    [48;5;15m     [39;49m
[48;5;28m [48;5;10m [48;5;28m  [48;5;10m [48;5;28m [48;5;10m   [48;5;28m  [48;5;10m [48;5;45m                            [48;5;62m                    [48;5;15m     [39;49m
[48;5;28m     [48;5;10m    [48;5;28m  [48;5;10m   [48;5;28m [48;5;45m                         [48;5;62m                    [48;5;15m     [39;49m
[48;5;28m  [48;5;10m  [48;5;28m [48;5;10m [48;5;28m [48;5;10m  [48;5;28m   [48;5;10m   [48;5;28m  [48;5;45m                          [48;5;62m                 [48;5;15m     [39;49m
[48;5;28m    [48;5;10m      [48;5;28m   [48;5;10m  [48;5;28m [48;5;10m  [48;5;45m                         [48;5;62m                 [48;5;15m     [39;49m
[48;5;10m [48;5;28m  [48;5;10m [48;5;28m [48;5;10m   [48;5;28m  [48;5;10m     [48;5;28m  [48;5;10m [48;5;45m                          [48;5;62m                [48;5;15m     [39;49m
[48;5;10m [48;5;28m  [48;5;10m [48;5;28m [48;5;10m   [48;5;28m  [48;5;10m     [48;5;28m  [48;5;10m [48;5;45m                          [48;5;62m                [48;5;15m     [39;49m
[48;5;28m [48;5;10m [48;5;28m  [48;5;10m      [48;5;28m   [48;5;10m  [48;5;28m [48;5;10m  [48;5;45m                         [48;5;62m                 [48;5;15m     [39;49m
[48;5;28m   [48;5;10m [48;5;28m [48;5;10m    [48;5;28m  [48;5;10m    [48;5;28m  [48;5;45m                          [48;5;62m                 [48;5;15m     [39;49m
[48;5;10m [48;5;28m [48;5;10m [48;5;28m [48;5;10m  [48;5;28m [48;5;10m  [48;5;28m  [48;5;10m [48;5;28m [48;5;10m [48;5;28m [48;5;45m                         [48;5;62m                    [48;5;15m     [39;49m
[48;5;28m [48;5;10m [48;5;28m  [48;5;10m [48;5;28m  [48;5;10m  [48;5;28m  [48;5;10m [48;5;45m                            [48;5;62m                    [48;5;15m     [39;49m
[48;5;29m             [48;5;46m                           [48;5;62m                    [48;5;15m     [39;49m
[48;5;29m                [48;5;46m                                     [48;5;62m       [48;5;15m     [39;49m
[48;5;29m                 [48;5;46m                                       [48;5;62m    [48;5;15m     [39;49m
[48;5;29m                  [48;5;46m                                        [48;5;62m  [48;5;15m     [39;49m
[48;5;29m                  [48;5;46m                                        [48;5;63m  [48;5;15m     [39;49m
[48;5;29m                  [48;5;46m                                      [48;5;63m    [48;5;15m     [39;49m
[48;5;29m                [48;5;46m                                       [48;5;63m     [48;5;15m     [39;49m
[48;5;30m                  [48;5;46m                                 [48;5;63m         [48;5;15m     [39;49m
[48;5;30m                       [48;5;46m                    [48;5;63m                 [48;5;15m     [39;49m
[48;5;30m                      [48;5;47m                  [48;5;63m                    [48;5;15m     [39;49m
[48;5;30m                   [48;5;47m                        [48;5;63m                 [48;5;15m     [39;49m
[48;5;31m [48;5;14m [48;5;31m  [48;5;14m      [48;5;31m   [48;5;14m  [48;5;31m [48;5;14m  [48;5;47m                         [48;5;63m                 [48;5;15m     [39;49m
[48;5;14m [48;5;31m  [48;5;14m [48;5;31m [48;5;14m   [48;5;31m  [48;5;14m     [48;5;31m  [48;5;14m [48;5;47m                          [48;5;63m                [48;5;15m     [39;49m
[48;5;14m [48;5;31m  [48;5;14m [48;5;31m [48;5;14m   [48;5;31m  [48;5;14m     [48;5;31m  [48;5;14m [48;5;47m                          [48;5;63m                [48;5;15m     [39;49m
[48;5;31m [48;5;14m [48;5;31m  [48;5;14m      [48;5;31m   [48;5;14m  [48;5;31m [48;5;14m  [48;5;47m                         [48;5;63m                 [48;5;15m     [39;49m
[48;5;27m                   [48;5;47m                        [48;5;63m                 [48;5;15m     [39;49m
[48;5;27m                      [48;5;47m                  [48;5;63m                    [48;5;15m     [39;49m
[48;5;27m                       [48;5;43m                    [48;5;63m                 [48;5;15m     [39;49m
[48;5;27m                  [48;5;43m                                 [48;5;63m         [48;5;15m     [39;49m
[48;5;23m                [48;5;43m                                       [48;5;63m     [48;5;15m     [39;49m
[48;5;23m                  [48;5;43m                                      [48;5;63m    [48;5;15m     [39;49m
[48;5;23m                  [48;5;43m                                        [48;5;63m  [48;5;15m     [39;49m
[48;5;23m                  [48;5;43m                                        [48;5;59m  [48;5;15m     [39;49m
[48;5;23m                 [48;5;43m                                       [48;5;59m    [48;5;15m     [39;49m
[48;5;23m                [48;5;43m                                     [48;5;59m       [48;5;15m     [39;49m
[48;5;23m             [48;5;43m                           [48;5;59m                    [48;5;15m     [39;49m
[48;5;19m [48;5;12m [48;5;19m  [48;5;12m [48;5;19m  [48;5;12m  [48;5;19m  [48;5;12m [48;5;39m                            [48;5;59m                    [48;5;15m     [39;49m
[48;5;12m [48;5;19m [48;5;12m [48;5;19m [48;5;12m  [48;5;19m [48;5;12m  [48;5;19m  [48;5;12m [48;5;19m [48;5;12m [48;5;19m [48;5;39m                         [48;5;59m                    [48;5;87m [48;5;15m    [39;49m
[48;5;19m   [48;5;12m [48;5;19m [48;5;12m    [48;5;19m  [48;5;12m    [48;5;19m  [48;5;39m                          [48;5;59m                 [48;5;87m [48;5;15m    [39;49m
[48;5;19m [48;5;12m [48;5;19m  [48;5;12m      [48;5;19m   [48;5;12m  [48;5;19m [48;5;12m  [48;5;39m                         [48;5;59m                 [48;5;87m [48;5;15m    [39;49m
[48;5;12m [48;5;19m  [48;5;12m [48;5;19m [48;5;12m   [48;5;19m  [48;5;12m     [48;5;19m  [48;5;12m [48;5;39m                          [48;5;59m                [48;5;87m [48;5;15m    [39;49m
[48;5;12m [48;5;19m  [48;5;12m [48;5;19m [48;5;12m   [48;5;19m  [48;5;12m     [48;5;19m  [48;5;12m [48;5;39m                          [48;5;59m                [48;5;87m [48;5;15m    [39;49m
[48;5;19m [48;5;12m    [48;5;19m [48;5;12m  [48;5;19m     [48;5;12m  [48;5;19m [48;5;12m  [48;5;39m                         [48;5;59m                 [48;5;87m [48;5;15m    [39;49m
[48;5;19m  [48;5;12m [48;5;19m [48;5;12m  [48;5;19m [48;5;12m  [48;5;19m  [48;5;12m   [48;5;19m [48;5;12m [48;5;19m [48;5;39m                          [48;5;59m                 [48;5;87m [48;5;15m    [39;49m
[48;5;12m [48;5;19m   [48;5;12m  [48;5;19m [48;5;12m   [48;5;19m [48;5;12m   [48;5;19m [48;5;39m                         [48;5;59m                    [48;5;87m [48;5;15m    [39;49m
[48;5;19m [48;5;12m    [48;5;19m   [48;5;12m [48;5;19m  [48;5;12m [48;5;39m                            [48;5;59m                    [48;5;87m [48;5;15m    [39;49m
[48;5;35m             [48;5;55m                           [48;5;59m                    [48;5;87m [48;5;15m    [39;49m
[48;5;35m                [48;5;55m                                     [48;5;59m       [48;5;87m [48;5;15m    [39;49m
[48;5;35m                 [48;5;55m                                       [48;5;59m    [48;5;87m [48;5;15m    [39;49m
[48;5;35m                  [48;5;55m                                        [48;5;59m  [48;5;15m     [39;49m
[48;5;35m                  [48;5;55m                                        [48;5;75m  [48;5;15m     [39;49m
[48;5;35m                  [48;5;55m                                      [48;5;75m    [48;5;15m     [39;49m
[48;5;35m                [48;5;55m                                       [48;5;75m     [48;5;15m     [39;49m
[48;5;51m                  [48;5;55m                                 [48;5;75m         [48;5;15m     [39;49m
[48;5;51m                       [48;5;55m                    [48;5;75m                 [48;5;15m     [39;49m
[48;5;51m                      [48;5;71m                  [48;5;75m                    [48;5;15m     [39;49m
[48;5;51m                   [48;5;71m                        [48;5;75m                 [48;5;15m     [39;49m
[48;5;67m [48;5;13m    [48;5;67m [48;5;13m  [48;5;67m     [48;5;13m  [48;5;67m [48;5;13m  [48;5;71m                         [48;5;75m                 [48;5;15m     [39;49m
[48;5;13m [48;5;67m  [48;5;13m [48;5;67m [48;5;13m   [48;5;67m  [48;5;13m     [48;5;67m  [48;5;13m [48;5;71m                          [48;5;75m                [48;5;15m     [39;49m
[48;5;13m [48;5;67m  [48;5;13m [48;5;67m [48;5;13m   [48;5;67m  [48;5;13m     [48;5;67m  [48;5;13m [48;5;71m                          [48;5;75m                [48;5;15m     [39;49m
[48;5;67m [48;5;13m    [48;5;67m [48;5;13m  [48;5;67m     [48;5;13m  [48;5;67m [48;5;13m  [48;5;71m                         [48;5;75m                 [48;5;15m     [39;49m
[48;5;66m                   [48;5;71m                        [48;5;75m                 [48;5;15m     [39;49m
[48;5;66m                      [48;5;71m                  [48;5;75m                    [48;5;15m     [39;49m
[48;5;66m                       [48;5;70m                    [48;5;75m                 [48;5;15m     [39;49m
[48;5;66m                  [48;5;70m                                 [48;5;75m         [48;5;15m     [39;49m
[48;5;65m                [48;5;70m                                       [48;5;75m     [48;5;15m     [39;49m
[48;5;65m                  [48;5;70m                                      [48;5;75m    [48;5;15m     [39;49m
[48;5;65m                  [48;5;70m                                        [48;5;75m  [48;5;15m     [39;49m
[48;5;65m                  [48;5;70m                                        [48;5;74m  [48;5;15m     [39;49m
[48;5;65m                 [48;5;70m                                       [48;5;74m    [48;5;15m     [39;49m
[48;5;65m                [48;5;70m                                     [48;5;74m       [48;5;15m     [39;49m
[48;5;65m             [48;5;70m                           [48;5;74m                    [48;5;15m     [39;49m
[48;5;64m [48;5;9m    [48;5;64m   [48;5;9m [48;5;64m  [48;5;9m [48;5;69m                            [48;5;74m                    [48;5;15m     [39;49m
[48;5;9m [48;5;64m   [48;5;9m  [48;5;64m [48;5;9m   [48;5;64m [48;5;9m   [48;5;64m [48;5;69m                         [48;5;74m                    [48;5;15m     [39;49m
[48;5;64m  [48;5;9m [48;5;64m [48;5;9m  [48;5;64m [48;5;9m  [48;5;64m  [48;5;9m   [48;5;64m [48;5;9m [48;5;64m [48;5;69m                          [48;5;74m                 [48;5;15m     [39;49m
[48;5;64m [48;5;9m    [48;5;64m [48;5;9m  [48;5;64m     [48;5;9m  [48;5;64m [48;5;9m  [48;5;69m                         [48;5;74m                 [48;5;15m     [39;49m
[48;5;9m [48;5;64m  [48;5;9m [48;5;64m [48;5;9m   [48;5;64m  [48;5;9m     [48;5;64m  [48;5;9m [48;5;69m                          [48;5;74m                [48;5;15m     [39;49m

Weights:
normal, [1mbold, [0mdefault 

Postures:
normal, italic, default 

Text decorations:
normal, [4munderlined, [24mdefault 

