ERROR Error on line 1 char 15: 'bar}"baz"' is not a valid name: '}'
