ELEMENT 'foo'
ERROR Error on line 1: Failed to parse '', which should have been a digit inside a character reference (&#234; for example) - perhaps the digit is too large
