ERROR Error on line 1 char 9: Document ended unexpectedly inside an attribute name
