ELEMENT 'foo'
ERROR Error on line 1: Empty entity '&;' seen; valid entities are: &amp; &quot; &lt; &gt; &apos;
