ELEMENT 'foo'
  TEXT ''
ERROR Error on line 1 char 12: 'â‰»' is not a valid character following the close element name 'foo'; the allowed character is '>'
