ERROR Error on line 1 char 15: Document ended unexpectedly while inside an attribute value
