ELEMENT 'foo'
  TEXT '
'
ERROR Error on line 2 char 8: Element '|foo' was closed, but the currently open element is 'foo'
