ERROR Error on line 2 char 1: '|foo' is not a valid name
