ERROR Error on line 1 char 10: Document ended unexpectedly after the equals sign following an attribute name; no attribute value
