ELEMENT 'bla'
ERROR Error on line 1: Entity name 'unknownentityname' is not known
