ERROR Error on line 1 char 1: Document was empty or contained only whitespace
