ERROR Error on line 1 char 32: Document ended unexpectedly inside a comment or processing instruction
