ERROR Error on line 1 char 10: Odd character 'â‰ˆ', expected a '=' after attribute name 'bar' of element 'foo'
