ELEMENT 'foo'
ERROR Error on line 1: Entity did not end with a semicolon; most likely you used an ampersand character without intending to start an entity - escape ampersand as &amp;
