ERROR Error on line 1 char 7: Element 'foo|' was closed, no element is currently open
