ERROR Error on line 1 char 2: ' ' is not a valid character following a '<' character; it may not begin an element name
