ELEMENT 'foo'
ERROR Error on line 1: Entity name 'am|' is not known
