ERROR Error on line 2 char 1: Invalid UTF-8 encoded text in name - not valid 'abcäöü'
