ERROR Error on line 1 char 4: Document ended unexpectedly inside an element name
