ELEMENT 'foo'
  TEXT ''
  PASS '<![CDATA[ some <<<<>>>> CDATA ]]>'
  TEXT ''
END 'foo'
