PASS '<!DOCTYPE foo "foo" [
<!ELEMENT foo ANY >
]>'
ELEMENT 'foo'
  TEXT ''
END 'foo'
