ELEMENT 'foo'
  TEXT '
'
  ELEMENT 'bar'
    TEXT '
/* gmarkup.c - Simple XML-like parser
 *
 *  Copyright 2000, 2003 Red Hat, Inc.
 *  Copyright 2007, 2008 Ryan Lortie <desrt@desrt.ca>
 *
 * GLib is free software; you can redistribute it and/or modify it
 * under the terms of the GNU Lesser General Public License as
 * published by the Free Software Foundation; either version 2 of the
 * License, or (at your option) any later version.
 *
 * GLib is distributed in the hope that it will be useful,
 * but WITHOUT ANY WARRANTY; without even the implied warranty of
 * MERCHANTABILITY or FITNESS FOR A PARTICULAR PURPOSE.  See the GNU
 * Lesser General Public License for more details.
 *
 * You should have received a copy of the GNU Lesser General Public
 * License along with GLib; see the file COPYING.LIB.  If not,
 * see <http://www.gnu.org/licenses/>.
 */
'
  END 'bar'
  TEXT '
'
END 'foo'
