ELEMENT 'foo'
bar="a b c d e𝐀"
  TEXT ''
END 'foo'
