PASS '<!-- a comment -->'
ELEMENT 'foo'
  TEXT ''
END 'foo'
